Analysis & Synthesis report for lab3
Thu Mar 17 21:21:59 2022
Quartus Prime Version 21.1.0 Build 842 10/21/2021 SJ Lite Edition


---------------------
; Table of Contents ;
---------------------
  1. Legal Notice
  2. Analysis & Synthesis Summary
  3. Analysis & Synthesis Settings
  4. Parallel Compilation
  5. Analysis & Synthesis Source Files Read
  6. Analysis & Synthesis Resource Usage Summary
  7. Analysis & Synthesis Resource Utilization by Entity
  8. Analysis & Synthesis DSP Block Usage Summary
  9. User-Specified and Inferred Latches
 10. Registers Removed During Synthesis
 11. General Register Statistics
 12. Port Connectivity Checks: "g40_modulo33401:modulator"
 13. Post-Synthesis Netlist Statistics for Top Partition
 14. Elapsed Time Per Partition
 15. Analysis & Synthesis Messages



----------------
; Legal Notice ;
----------------
Copyright (C) 2021  Intel Corporation. All rights reserved.
Your use of Intel Corporation's design tools, logic functions 
and other software and tools, and any partner logic 
functions, and any output files from any of the foregoing 
(including device programming or simulation files), and any 
associated documentation or information are expressly subject 
to the terms and conditions of the Intel Program License 
Subscription Agreement, the Intel Quartus Prime License Agreement,
the Intel FPGA IP License Agreement, or other applicable license
agreement, including, without limitation, that your use is for
the sole purpose of programming logic devices manufactured by
Intel and sold by Intel or its authorized distributors.  Please
refer to the applicable agreement for further details, at
https://fpgasoftware.intel.com/eula.



+-------------------------------------------------------------------------------+
; Analysis & Synthesis Summary                                                  ;
+---------------------------------+---------------------------------------------+
; Analysis & Synthesis Status     ; Successful - Thu Mar 17 21:21:59 2022       ;
; Quartus Prime Version           ; 21.1.0 Build 842 10/21/2021 SJ Lite Edition ;
; Revision Name                   ; lab3                                        ;
; Top-level Entity Name           ; g40_mod_exp                                 ;
; Family                          ; Cyclone V                                   ;
; Logic utilization (in ALMs)     ; N/A                                         ;
; Total registers                 ; 58                                          ;
; Total pins                      ; 44                                          ;
; Total virtual pins              ; 0                                           ;
; Total block memory bits         ; 0                                           ;
; Total DSP Blocks                ; 1                                           ;
; Total HSSI RX PCSs              ; 0                                           ;
; Total HSSI PMA RX Deserializers ; 0                                           ;
; Total HSSI TX PCSs              ; 0                                           ;
; Total HSSI PMA TX Serializers   ; 0                                           ;
; Total PLLs                      ; 0                                           ;
; Total DLLs                      ; 0                                           ;
+---------------------------------+---------------------------------------------+


+---------------------------------------------------------------------------------------------------------------------------+
; Analysis & Synthesis Settings                                                                                             ;
+---------------------------------------------------------------------------------+--------------------+--------------------+
; Option                                                                          ; Setting            ; Default Value      ;
+---------------------------------------------------------------------------------+--------------------+--------------------+
; Device                                                                          ; 5CSEMA5F31C6       ;                    ;
; Top-level entity name                                                           ; g40_mod_exp        ; lab3               ;
; Family name                                                                     ; Cyclone V          ; Cyclone V          ;
; Use smart compilation                                                           ; Off                ; Off                ;
; Enable parallel Assembler and Timing Analyzer during compilation                ; On                 ; On                 ;
; Enable compact report table                                                     ; Off                ; Off                ;
; Restructure Multiplexers                                                        ; Auto               ; Auto               ;
; MLAB Add Timing Constraints For Mixed-Port Feed-Through Mode Setting Don't Care ; Off                ; Off                ;
; Create Debugging Nodes for IP Cores                                             ; Off                ; Off                ;
; Preserve fewer node names                                                       ; On                 ; On                 ;
; Intel FPGA IP Evaluation Mode                                                   ; Enable             ; Enable             ;
; Verilog Version                                                                 ; Verilog_2001       ; Verilog_2001       ;
; VHDL Version                                                                    ; VHDL_1993          ; VHDL_1993          ;
; State Machine Processing                                                        ; Auto               ; Auto               ;
; Safe State Machine                                                              ; Off                ; Off                ;
; Extract Verilog State Machines                                                  ; On                 ; On                 ;
; Extract VHDL State Machines                                                     ; On                 ; On                 ;
; Ignore Verilog initial constructs                                               ; Off                ; Off                ;
; Iteration limit for constant Verilog loops                                      ; 5000               ; 5000               ;
; Iteration limit for non-constant Verilog loops                                  ; 250                ; 250                ;
; Add Pass-Through Logic to Inferred RAMs                                         ; On                 ; On                 ;
; Infer RAMs from Raw Logic                                                       ; On                 ; On                 ;
; Parallel Synthesis                                                              ; On                 ; On                 ;
; DSP Block Balancing                                                             ; Auto               ; Auto               ;
; NOT Gate Push-Back                                                              ; On                 ; On                 ;
; Power-Up Don't Care                                                             ; On                 ; On                 ;
; Remove Redundant Logic Cells                                                    ; Off                ; Off                ;
; Remove Duplicate Registers                                                      ; On                 ; On                 ;
; Ignore CARRY Buffers                                                            ; Off                ; Off                ;
; Ignore CASCADE Buffers                                                          ; Off                ; Off                ;
; Ignore GLOBAL Buffers                                                           ; Off                ; Off                ;
; Ignore ROW GLOBAL Buffers                                                       ; Off                ; Off                ;
; Ignore LCELL Buffers                                                            ; Off                ; Off                ;
; Ignore SOFT Buffers                                                             ; On                 ; On                 ;
; Limit AHDL Integers to 32 Bits                                                  ; Off                ; Off                ;
; Optimization Technique                                                          ; Balanced           ; Balanced           ;
; Carry Chain Length                                                              ; 70                 ; 70                 ;
; Auto Carry Chains                                                               ; On                 ; On                 ;
; Auto Open-Drain Pins                                                            ; On                 ; On                 ;
; Perform WYSIWYG Primitive Resynthesis                                           ; Off                ; Off                ;
; Auto ROM Replacement                                                            ; On                 ; On                 ;
; Auto RAM Replacement                                                            ; On                 ; On                 ;
; Auto DSP Block Replacement                                                      ; On                 ; On                 ;
; Auto Shift Register Replacement                                                 ; Auto               ; Auto               ;
; Allow Shift Register Merging across Hierarchies                                 ; Auto               ; Auto               ;
; Auto Clock Enable Replacement                                                   ; On                 ; On                 ;
; Strict RAM Replacement                                                          ; Off                ; Off                ;
; Allow Synchronous Control Signals                                               ; On                 ; On                 ;
; Force Use of Synchronous Clear Signals                                          ; Off                ; Off                ;
; Auto Resource Sharing                                                           ; Off                ; Off                ;
; Allow Any RAM Size For Recognition                                              ; Off                ; Off                ;
; Allow Any ROM Size For Recognition                                              ; Off                ; Off                ;
; Allow Any Shift Register Size For Recognition                                   ; Off                ; Off                ;
; Use LogicLock Constraints during Resource Balancing                             ; On                 ; On                 ;
; Ignore translate_off and synthesis_off directives                               ; Off                ; Off                ;
; Timing-Driven Synthesis                                                         ; On                 ; On                 ;
; Report Parameter Settings                                                       ; On                 ; On                 ;
; Report Source Assignments                                                       ; On                 ; On                 ;
; Report Connectivity Checks                                                      ; On                 ; On                 ;
; Ignore Maximum Fan-Out Assignments                                              ; Off                ; Off                ;
; Synchronization Register Chain Length                                           ; 3                  ; 3                  ;
; Power Optimization During Synthesis                                             ; Normal compilation ; Normal compilation ;
; HDL message level                                                               ; Level2             ; Level2             ;
; Suppress Register Optimization Related Messages                                 ; Off                ; Off                ;
; Number of Removed Registers Reported in Synthesis Report                        ; 5000               ; 5000               ;
; Number of Swept Nodes Reported in Synthesis Report                              ; 5000               ; 5000               ;
; Number of Inverted Registers Reported in Synthesis Report                       ; 100                ; 100                ;
; Clock MUX Protection                                                            ; On                 ; On                 ;
; Auto Gated Clock Conversion                                                     ; Off                ; Off                ;
; Block Design Naming                                                             ; Auto               ; Auto               ;
; SDC constraint protection                                                       ; Off                ; Off                ;
; Synthesis Effort                                                                ; Auto               ; Auto               ;
; Shift Register Replacement - Allow Asynchronous Clear Signal                    ; On                 ; On                 ;
; Pre-Mapping Resynthesis Optimization                                            ; Off                ; Off                ;
; Analysis & Synthesis Message Level                                              ; Medium             ; Medium             ;
; Disable Register Merging Across Hierarchies                                     ; Auto               ; Auto               ;
; Resource Aware Inference For Block RAM                                          ; On                 ; On                 ;
; Automatic Parallel Synthesis                                                    ; On                 ; On                 ;
; Partial Reconfiguration Bitstream ID                                            ; Off                ; Off                ;
+---------------------------------------------------------------------------------+--------------------+--------------------+


+------------------------------------------+
; Parallel Compilation                     ;
+----------------------------+-------------+
; Processors                 ; Number      ;
+----------------------------+-------------+
; Number detected on machine ; 8           ;
; Maximum allowed            ; 4           ;
;                            ;             ;
; Average used               ; 1.00        ;
; Maximum used               ; 4           ;
;                            ;             ;
; Usage by Processor         ; % Time Used ;
;     Processor 1            ; 100.0%      ;
;     Processor 2            ;   0.0%      ;
;     Processors 3-4         ;   0.0%      ;
+----------------------------+-------------+


+------------------------------------------------------------------------------------------------------------------------------------------------+
; Analysis & Synthesis Source Files Read                                                                                                         ;
+----------------------------------+-----------------+-----------------------+---------------------------------------------------------+---------+
; File Name with User-Entered Path ; Used in Netlist ; File Type             ; File Name with Absolute Path                            ; Library ;
+----------------------------------+-----------------+-----------------------+---------------------------------------------------------+---------+
; g40_modulo33401.vhd              ; yes             ; User VHDL File        ; /home/cedric/Documents/ECSE325/lab3/g40_modulo33401.vhd ;         ;
; g40_mod_exp.vhd                  ; yes             ; Auto-Found VHDL File  ; /home/cedric/Documents/ECSE325/lab3/g40_mod_exp.vhd     ;         ;
+----------------------------------+-----------------+-----------------------+---------------------------------------------------------+---------+


+---------------------------------------------------------+
; Analysis & Synthesis Resource Usage Summary             ;
+---------------------------------------------+-----------+
; Resource                                    ; Usage     ;
+---------------------------------------------+-----------+
; Estimate of Logic utilization (ALMs needed) ; 122       ;
;                                             ;           ;
; Combinational ALUT usage for logic          ; 232       ;
;     -- 7 input functions                    ; 0         ;
;     -- 6 input functions                    ; 4         ;
;     -- 5 input functions                    ; 1         ;
;     -- 4 input functions                    ; 6         ;
;     -- <=3 input functions                  ; 221       ;
;                                             ;           ;
; Dedicated logic registers                   ; 58        ;
;                                             ;           ;
; I/O pins                                    ; 44        ;
;                                             ;           ;
; Total DSP Blocks                            ; 1         ;
;                                             ;           ;
; Maximum fan-out node                        ; clk~input ;
; Maximum fan-out                             ; 58        ;
; Total fan-out                               ; 924       ;
; Average fan-out                             ; 2.44      ;
+---------------------------------------------+-----------+


+-------------------------------------------------------------------------------------------------------------------------------------------------------------------------------------------------------------------+
; Analysis & Synthesis Resource Utilization by Entity                                                                                                                                                               ;
+--------------------------------+---------------------+---------------------------+-------------------+------------+------+--------------+----------------------------------------+-----------------+--------------+
; Compilation Hierarchy Node     ; Combinational ALUTs ; Dedicated Logic Registers ; Block Memory Bits ; DSP Blocks ; Pins ; Virtual Pins ; Full Hierarchy Name                    ; Entity Name     ; Library Name ;
+--------------------------------+---------------------+---------------------------+-------------------+------------+------+--------------+----------------------------------------+-----------------+--------------+
; |g40_mod_exp                   ; 232 (65)            ; 58 (58)                   ; 0                 ; 1          ; 44   ; 0            ; |g40_mod_exp                           ; g40_mod_exp     ; work         ;
;    |g40_modulo33401:modulator| ; 167 (167)           ; 0 (0)                     ; 0                 ; 0          ; 0    ; 0            ; |g40_mod_exp|g40_modulo33401:modulator ; g40_modulo33401 ; work         ;
+--------------------------------+---------------------+---------------------------+-------------------+------------+------+--------------+----------------------------------------+-----------------+--------------+
Note: For table entries with two numbers listed, the numbers in parentheses indicate the number of resources of the given type used by the specific entity alone. The numbers listed outside of parentheses indicate the total resources of the given type used by the specific entity and all of its sub-entities in the hierarchy.


+-----------------------------------------------+
; Analysis & Synthesis DSP Block Usage Summary  ;
+---------------------------------+-------------+
; Statistic                       ; Number Used ;
+---------------------------------+-------------+
; Two Independent 18x18           ; 1           ;
; Total number of DSP blocks      ; 1           ;
;                                 ;             ;
; Fixed Point Unsigned Multiplier ; 1           ;
+---------------------------------+-------------+


+--------------------------------------------------------------------------------------------------------+
; User-Specified and Inferred Latches                                                                    ;
+-----------------------------------------------------+-------------------------+------------------------+
; Latch Name                                          ; Latch Enable Signal     ; Free of Timing Hazards ;
+-----------------------------------------------------+-------------------------+------------------------+
; s[0]$latch                                          ; state.calculating_state ; yes                    ;
; s[1]$latch                                          ; state.calculating_state ; yes                    ;
; s[2]$latch                                          ; state.calculating_state ; yes                    ;
; s[3]$latch                                          ; state.calculating_state ; yes                    ;
; s[4]$latch                                          ; state.calculating_state ; yes                    ;
; s[5]$latch                                          ; state.calculating_state ; yes                    ;
; s[6]$latch                                          ; state.calculating_state ; yes                    ;
; s[7]$latch                                          ; state.calculating_state ; yes                    ;
; s[8]$latch                                          ; state.calculating_state ; yes                    ;
; s[9]$latch                                          ; state.calculating_state ; yes                    ;
; s[10]$latch                                         ; state.calculating_state ; yes                    ;
; s[11]$latch                                         ; state.calculating_state ; yes                    ;
; s[12]$latch                                         ; state.calculating_state ; yes                    ;
; s[13]$latch                                         ; state.calculating_state ; yes                    ;
; s[14]$latch                                         ; state.calculating_state ; yes                    ;
; s[15]$latch                                         ; state.calculating_state ; yes                    ;
; ready$latch                                         ; state.calculating_state ; yes                    ;
; Number of user-specified and inferred latches = 17  ;                         ;                        ;
+-----------------------------------------------------+-------------------------+------------------------+
Note: All latches listed above may not be present at the end of synthesis due to various synthesis optimizations.


+--------------------------------------------------------------------------------+
; Registers Removed During Synthesis                                             ;
+---------------------------------------+----------------------------------------+
; Register name                         ; Reason for Removal                     ;
+---------------------------------------+----------------------------------------+
; A[26..31]                             ; Stuck at GND due to stuck port data_in ;
; Total Number of Removed Registers = 6 ;                                        ;
+---------------------------------------+----------------------------------------+


+------------------------------------------------------+
; General Register Statistics                          ;
+----------------------------------------------+-------+
; Statistic                                    ; Value ;
+----------------------------------------------+-------+
; Total registers                              ; 58    ;
; Number of registers using Synchronous Clear  ; 0     ;
; Number of registers using Synchronous Load   ; 0     ;
; Number of registers using Asynchronous Clear ; 2     ;
; Number of registers using Asynchronous Load  ; 0     ;
; Number of registers using Clock Enable       ; 56    ;
; Number of registers using Preset             ; 0     ;
+----------------------------------------------+-------+


+-----------------------------------------------------------------------------------------------------------------------+
; Port Connectivity Checks: "g40_modulo33401:modulator"                                                                 ;
+-------------+--------+----------+-------------------------------------------------------------------------------------+
; Port        ; Type   ; Severity ; Details                                                                             ;
+-------------+--------+----------+-------------------------------------------------------------------------------------+
; afloor33401 ; Output ; Info     ; Connected to dangling logic. Logic that only feeds a dangling port will be removed. ;
+-------------+--------+----------+-------------------------------------------------------------------------------------+


+-----------------------------------------------------+
; Post-Synthesis Netlist Statistics for Top Partition ;
+-----------------------+-----------------------------+
; Type                  ; Count                       ;
+-----------------------+-----------------------------+
; arriav_ff             ; 58                          ;
;     CLR               ; 2                           ;
;     ENA               ; 56                          ;
; arriav_lcell_comb     ; 232                         ;
;     arith             ; 29                          ;
;         1 data inputs ; 12                          ;
;         2 data inputs ; 16                          ;
;         3 data inputs ; 1                           ;
;     normal            ; 52                          ;
;         1 data inputs ; 1                           ;
;         2 data inputs ; 22                          ;
;         3 data inputs ; 18                          ;
;         4 data inputs ; 6                           ;
;         5 data inputs ; 1                           ;
;         6 data inputs ; 4                           ;
;     shared            ; 151                         ;
;         0 data inputs ; 20                          ;
;         1 data inputs ; 19                          ;
;         2 data inputs ; 64                          ;
;         3 data inputs ; 48                          ;
; arriav_mac            ; 1                           ;
; boundary_port         ; 44                          ;
;                       ;                             ;
; Max LUT depth         ; 8.90                        ;
; Average LUT depth     ; 6.51                        ;
+-----------------------+-----------------------------+


+-------------------------------+
; Elapsed Time Per Partition    ;
+----------------+--------------+
; Partition Name ; Elapsed Time ;
+----------------+--------------+
; Top            ; 00:00:00     ;
+----------------+--------------+


+-------------------------------+
; Analysis & Synthesis Messages ;
+-------------------------------+
Info: *******************************************************************
Info: Running Quartus Prime Analysis & Synthesis
    Info: Version 21.1.0 Build 842 10/21/2021 SJ Lite Edition
    Info: Processing started: Thu Mar 17 21:21:52 2022
Info: Command: quartus_map --read_settings_files=on --write_settings_files=off lab3 -c lab3
Warning (18236): Number of processors has not been specified which may cause overloading on shared machines.  Set the global assignment NUM_PARALLEL_PROCESSORS in your QSF to an appropriate value for best performance.
Info (20030): Parallel compilation is enabled and will use 4 of the 4 processors detected
Info (12021): Found 2 design units, including 1 entities, in source file g40_modulo33401.vhd
    Info (12022): Found design unit 1: g40_modulo33401-g40_modulo33401_arch File: /home/cedric/Documents/ECSE325/lab3/g40_modulo33401.vhd Line: 17
    Info (12023): Found entity 1: g40_modulo33401 File: /home/cedric/Documents/ECSE325/lab3/g40_modulo33401.vhd Line: 11
Warning (12125): Using design file g40_mod_exp.vhd, which is not specified as a design file for the current project, but contains definitions for 2 design units and 1 entities in project
    Info (12022): Found design unit 1: g40_mod_exp-g40_mod_exp_arch File: /home/cedric/Documents/ECSE325/lab3/g40_mod_exp.vhd Line: 22
    Info (12023): Found entity 1: g40_mod_exp File: /home/cedric/Documents/ECSE325/lab3/g40_mod_exp.vhd Line: 12
Info (12127): Elaborating entity "g40_mod_exp" for the top level hierarchy
Warning (10492): VHDL Process Statement warning at g40_mod_exp.vhd(80): signal "s_int" is read inside the Process Statement but isn't in the Process Statement's sensitivity list File: /home/cedric/Documents/ECSE325/lab3/g40_mod_exp.vhd Line: 80
Warning (10631): VHDL Process Statement warning at g40_mod_exp.vhd(71): inferring latch(es) for signal or variable "s", which holds its previous value in one or more paths through the process File: /home/cedric/Documents/ECSE325/lab3/g40_mod_exp.vhd Line: 71
Warning (10631): VHDL Process Statement warning at g40_mod_exp.vhd(71): inferring latch(es) for signal or variable "ready", which holds its previous value in one or more paths through the process File: /home/cedric/Documents/ECSE325/lab3/g40_mod_exp.vhd Line: 71
Info (10041): Inferred latch for "ready" at g40_mod_exp.vhd(71) File: /home/cedric/Documents/ECSE325/lab3/g40_mod_exp.vhd Line: 71
Info (10041): Inferred latch for "s[0]" at g40_mod_exp.vhd(71) File: /home/cedric/Documents/ECSE325/lab3/g40_mod_exp.vhd Line: 71
Info (10041): Inferred latch for "s[1]" at g40_mod_exp.vhd(71) File: /home/cedric/Documents/ECSE325/lab3/g40_mod_exp.vhd Line: 71
Info (10041): Inferred latch for "s[2]" at g40_mod_exp.vhd(71) File: /home/cedric/Documents/ECSE325/lab3/g40_mod_exp.vhd Line: 71
Info (10041): Inferred latch for "s[3]" at g40_mod_exp.vhd(71) File: /home/cedric/Documents/ECSE325/lab3/g40_mod_exp.vhd Line: 71
Info (10041): Inferred latch for "s[4]" at g40_mod_exp.vhd(71) File: /home/cedric/Documents/ECSE325/lab3/g40_mod_exp.vhd Line: 71
Info (10041): Inferred latch for "s[5]" at g40_mod_exp.vhd(71) File: /home/cedric/Documents/ECSE325/lab3/g40_mod_exp.vhd Line: 71
Info (10041): Inferred latch for "s[6]" at g40_mod_exp.vhd(71) File: /home/cedric/Documents/ECSE325/lab3/g40_mod_exp.vhd Line: 71
Info (10041): Inferred latch for "s[7]" at g40_mod_exp.vhd(71) File: /home/cedric/Documents/ECSE325/lab3/g40_mod_exp.vhd Line: 71
Info (10041): Inferred latch for "s[8]" at g40_mod_exp.vhd(71) File: /home/cedric/Documents/ECSE325/lab3/g40_mod_exp.vhd Line: 71
Info (10041): Inferred latch for "s[9]" at g40_mod_exp.vhd(71) File: /home/cedric/Documents/ECSE325/lab3/g40_mod_exp.vhd Line: 71
Info (10041): Inferred latch for "s[10]" at g40_mod_exp.vhd(71) File: /home/cedric/Documents/ECSE325/lab3/g40_mod_exp.vhd Line: 71
Info (10041): Inferred latch for "s[11]" at g40_mod_exp.vhd(71) File: /home/cedric/Documents/ECSE325/lab3/g40_mod_exp.vhd Line: 71
Info (10041): Inferred latch for "s[12]" at g40_mod_exp.vhd(71) File: /home/cedric/Documents/ECSE325/lab3/g40_mod_exp.vhd Line: 71
Info (10041): Inferred latch for "s[13]" at g40_mod_exp.vhd(71) File: /home/cedric/Documents/ECSE325/lab3/g40_mod_exp.vhd Line: 71
Info (10041): Inferred latch for "s[14]" at g40_mod_exp.vhd(71) File: /home/cedric/Documents/ECSE325/lab3/g40_mod_exp.vhd Line: 71
Info (10041): Inferred latch for "s[15]" at g40_mod_exp.vhd(71) File: /home/cedric/Documents/ECSE325/lab3/g40_mod_exp.vhd Line: 71
Info (10018): Can't recognize finite state machine "state" because it has a complex reset state
Info (12128): Elaborating entity "g40_modulo33401" for hierarchy "g40_modulo33401:modulator" File: /home/cedric/Documents/ECSE325/lab3/g40_mod_exp.vhd Line: 44
Warning (13004): Presettable and clearable registers converted to equivalent circuits with latches. Registers power-up to an undefined state, and DEVCLRn places the registers in an undefined state.
    Warning (13310): Register "state.calculating_state" is converted into an equivalent circuit using register "state.calculating_state~_emulated" and latch "state.calculating_state~1" File: /home/cedric/Documents/ECSE325/lab3/g40_mod_exp.vhd Line: 25
Info (286030): Timing-Driven Synthesis is running
Info (16010): Generating hard_block partition "hard_block:auto_generated_inst"
    Info (16011): Adding 0 node(s), including 0 DDIO, 0 PLL, 0 transceiver and 0 LCELL
Info (21057): Implemented 303 device resources after synthesis - the final resource count might be different
    Info (21058): Implemented 27 input pins
    Info (21059): Implemented 17 output pins
    Info (21061): Implemented 258 logic cells
    Info (21062): Implemented 1 DSP elements
Info: Quartus Prime Analysis & Synthesis was successful. 0 errors, 7 warnings
    Info: Peak virtual memory: 525 megabytes
    Info: Processing ended: Thu Mar 17 21:21:59 2022
    Info: Elapsed time: 00:00:07
    Info: Total CPU time (on all processors): 00:00:18


