------------------------------------------------------------
Timing Analyzer Summary
------------------------------------------------------------

Type  : Slow 1100mV 85C Model Setup 'clk'
Slack : -6.237
TNS   : -155.919

Type  : Slow 1100mV 85C Model Hold 'clk'
Slack : 0.374
TNS   : 0.000

Type  : Slow 1100mV 85C Model Recovery 'clk'
Slack : 5.174
TNS   : 0.000

Type  : Slow 1100mV 85C Model Removal 'clk'
Slack : 1.431
TNS   : 0.000

Type  : Slow 1100mV 85C Model Minimum Pulse Width 'clk'
Slack : 3.397
TNS   : 0.000

Type  : Slow 1100mV 0C Model Setup 'clk'
Slack : -6.474
TNS   : -162.054

Type  : Slow 1100mV 0C Model Hold 'clk'
Slack : 0.374
TNS   : 0.000

Type  : Slow 1100mV 0C Model Recovery 'clk'
Slack : 5.256
TNS   : 0.000

Type  : Slow 1100mV 0C Model Removal 'clk'
Slack : 1.354
TNS   : 0.000

Type  : Slow 1100mV 0C Model Minimum Pulse Width 'clk'
Slack : 3.309
TNS   : 0.000

Type  : Fast 1100mV 85C Model Setup 'clk'
Slack : 0.036
TNS   : 0.000

Type  : Fast 1100mV 85C Model Hold 'clk'
Slack : 0.201
TNS   : 0.000

Type  : Fast 1100mV 85C Model Recovery 'clk'
Slack : 6.344
TNS   : 0.000

Type  : Fast 1100mV 85C Model Removal 'clk'
Slack : 0.770
TNS   : 0.000

Type  : Fast 1100mV 85C Model Minimum Pulse Width 'clk'
Slack : 3.419
TNS   : 0.000

Type  : Fast 1100mV 0C Model Setup 'clk'
Slack : 0.555
TNS   : 0.000

Type  : Fast 1100mV 0C Model Hold 'clk'
Slack : 0.191
TNS   : 0.000

Type  : Fast 1100mV 0C Model Recovery 'clk'
Slack : 6.475
TNS   : 0.000

Type  : Fast 1100mV 0C Model Removal 'clk'
Slack : 0.696
TNS   : 0.000

Type  : Fast 1100mV 0C Model Minimum Pulse Width 'clk'
Slack : 3.419
TNS   : 0.000

------------------------------------------------------------
