------------------------------------------------------------
Timing Analyzer Summary
------------------------------------------------------------

Type  : Slow 1100mV 85C Model Setup 'clk'
Slack : 0.848
TNS   : 0.000

Type  : Slow 1100mV 85C Model Hold 'clk'
Slack : 0.330
TNS   : 0.000

Type  : Slow 1100mV 85C Model Minimum Pulse Width 'clk'
Slack : 0.826
TNS   : 0.000

Type  : Slow 1100mV 0C Model Setup 'clk'
Slack : 0.708
TNS   : 0.000

Type  : Slow 1100mV 0C Model Hold 'clk'
Slack : 0.259
TNS   : 0.000

Type  : Slow 1100mV 0C Model Minimum Pulse Width 'clk'
Slack : 0.826
TNS   : 0.000

Type  : Fast 1100mV 85C Model Setup 'clk'
Slack : 2.013
TNS   : 0.000

Type  : Fast 1100mV 85C Model Hold 'clk'
Slack : 0.164
TNS   : 0.000

Type  : Fast 1100mV 85C Model Minimum Pulse Width 'clk'
Slack : 0.826
TNS   : 0.000

Type  : Fast 1100mV 0C Model Setup 'clk'
Slack : 2.108
TNS   : 0.000

Type  : Fast 1100mV 0C Model Hold 'clk'
Slack : 0.109
TNS   : 0.000

Type  : Fast 1100mV 0C Model Minimum Pulse Width 'clk'
Slack : 0.826
TNS   : 0.000

------------------------------------------------------------
